SCA Output: sæsæ[wind] sæwmu [DEF=SG] šæʔule[follow-CONT] [sun]æle sæŋ wæle yelu fæwəle [say[IMPF]-CONT]
SCA Output: næʔəŋ xæyeʔənəbəy sɔl pæwse
SCA Output: æŋəseŋæ sewese læmæ yusæyəse
SCA Output: ŋiyusæyə wiləse fæwəše sæ nɔʔæ wæ æŋə sæŋ sifæ læmæ ulu
SCA Output: ŋæy ni xæye
SCA Output: sæsæ sæŋ yusɔ wæ hæŋuæŋu æŋə sæŋ� kædæy mæŋu ŋæy
SCA Output: sæn nɔ æŋə sæŋ sewə læmæ sæŋ ŋæne mænæŋ fuum
SCA Output: æle sæŋ yusæyəse sifese ɔsænese wɔšese æŋə sæŋ
SCA Output: eyæn pɔšeŋu æŋə sæŋ sifeŋu læmæ sæŋ əfæyəŋu
SCA Output: sæsæ sæwmu yusæyəŋu wiləseŋu fæwəšeŋu
SCA Output: nexæyeʔənədɔ sæŋ sɔl bæl
