SCA Output: sasat
  -> sasa  (Obstr / / _ [# C])
  -> sæsæ  ([a aa ə i ii u] / [æ ɔ ə e i u])

thaŋmu
  -> saŋmu  (Astp / Xfrc)
  -> sæŋmu  ([a aa ə i ii u] / [æ ɔ ə e i u])
  -> sæwmu  ([m n ŋ l] / w / V _ [Nasl Aprx])
  -> sæwmu  (-? [w y] / / V _ C)

thaŋmu
  -> saŋmu  (Astp / Xfrc)
  -> sæŋmu  ([a aa ə i ii u] / [æ ɔ ə e i u])
  -> sæwmu  ([m n ŋ l] / w / V _ [Nasl Aprx])
  -> sæmu   (-? [w y] / / V _ C)

tlaqufli
  -> tlaʔufli  (-x q / ʔ)
  -> lhaʔufli  (Xafr / Xfrc / _)
  -> lhaʔuli   (Obstr / / _ [# C])
  -> lhæʔule   ([a aa ə i ii u] / [æ ɔ ə e i u])
  -> šæʔule    (lh / š)

qalit
  -> ʔalit  (-x q / ʔ)
  -> alit   (ʔ / / # _)
  -> ali    (Obstr / / _ [# C])
  -> æle    ([a aa ə i ii u] / [æ ɔ ə e i u])

thaŋ
  -> saŋ  (Astp / Xfrc)
  -> sæŋ  ([a aa ə i ii u] / [æ ɔ ə e i u])

waqli
  -> waʔli  (-x q / ʔ)
  -> wali   (Obstr / / _ [# C])
  -> wæle   ([a aa ə i ii u] / [æ ɔ ə e i u])

gilut
  -> ɣilut  (-x g / ɣ)
  -> yilut  (ɣ / y / _)
  -> yilu   (Obstr / / _ [# C])
  -> yelu   ([a aa ə i ii u] / [æ ɔ ə e i u])

fawetlli
  -> fawətlli  (-x e / ə)
  -> fawəlhli  (Xafr / Xfrc / _)
  -> fawəli    (Obstr / / _ [# C])
  -> fæwəle    ([a aa ə i ii u] / [æ ɔ ə e i u])


SCA Output: naqeŋ
  -> naqəŋ  (-x e / ə)
  -> naʔəŋ  (-x q / ʔ)
  -> næʔəŋ  ([a aa ə i ii u] / [æ ɔ ə e i u])

khayiqenebey
  -> khayiqənəbəy  (-x e / ə)
  -> khayiʔənəbəy  (-x q / ʔ)
  -> xayiʔənəbəy   (Astp / Xfrc)
  -> xæyeʔənəbəy   ([a aa ə i ii u] / [æ ɔ ə e i u])

tshaal
  -> saal  (Aafr / Xfrc)
  -> sɔl   ([a aa ə i ii u] / [æ ɔ ə e i u])

pawtiq
  -> pawtiʔ  (-x q / ʔ)
  -> pawsiʔ  (t / s / _ i)
  -> pawsi   (Obstr / / _ [# C])
  -> pæwse   ([a aa ə i ii u] / [æ ɔ ə e i u])
  -> pæwse   (-? [w y] / / V _ C)

pawtiq
  -> pawtiʔ  (-x q / ʔ)
  -> pawsiʔ  (t / s / _ i)
  -> pawsi   (Obstr / / _ [# C])
  -> pæwse   ([a aa ə i ii u] / [æ ɔ ə e i u])
  -> pæse    (-? [w y] / / V _ C)


SCA Output: qaŋethinga
  -> qaŋəthinga  (-x e / ə)
  -> ʔaŋəthinga  (-x q / ʔ)
  -> ʔaŋəthiŋa   (Nstp / Nasl)
  -> ʔaŋəsiŋa    (Astp / Xfrc)
  -> aŋəsiŋa     (ʔ / / # _)
  -> æŋəseŋæ     ([a aa ə i ii u] / [æ ɔ ə e i u])

siwitsi
  -> siwisi  (Xafr / Xfrc / _)
  -> sewese  ([a aa ə i ii u] / [æ ɔ ə e i u])

lamaq
  -> lamaʔ  (-x q / ʔ)
  -> lama   (Obstr / / _ [# C])
  -> læmæ   ([a aa ə i ii u] / [æ ɔ ə e i u])

yusayetsi
  -> yusayətsi  (-x e / ə)
  -> yusayəsi   (Xafr / Xfrc / _)
  -> yusæyəse   ([a aa ə i ii u] / [æ ɔ ə e i u])


SCA Output: ŋiiyusaye
  -> ŋiiyusayə  (-x e / ə)
  -> ŋiyusæyə   ([a aa ə i ii u] / [æ ɔ ə e i u])

wiiletsi
  -> wiilətsi  (-x e / ə)
  -> wiiləsi   (Xafr / Xfrc / _)
  -> wiləse    ([a aa ə i ii u] / [æ ɔ ə e i u])

fawetli
  -> fawətli  (-x e / ə)
  -> fawəlhi  (Xafr / Xfrc / _)
  -> fæwəlhe  ([a aa ə i ii u] / [æ ɔ ə e i u])
  -> fæwəše   (lh / š)

tsah
  -> sah  (Xafr / Xfrc / _)
  -> sa   (Obstr / / _ [# C])
  -> sæ   ([a aa ə i ii u] / [æ ɔ ə e i u])

naaqa
  -> naaʔa  (-x q / ʔ)
  -> nɔʔæ   ([a aa ə i ii u] / [æ ɔ ə e i u])

waq
  -> waʔ  (-x q / ʔ)
  -> wa   (Obstr / / _ [# C])
  -> wæ   ([a aa ə i ii u] / [æ ɔ ə e i u])

qaŋeth
  -> qaŋəth  (-x e / ə)
  -> ʔaŋəth  (-x q / ʔ)
  -> ʔaŋəs   (Astp / Xfrc)
  -> aŋəs    (ʔ / / # _)
  -> aŋə     (Obstr / / _ [# C])
  -> æŋə     ([a aa ə i ii u] / [æ ɔ ə e i u])

thaŋ
  -> saŋ  (Astp / Xfrc)
  -> sæŋ  ([a aa ə i ii u] / [æ ɔ ə e i u])

siifa
  -> sifæ  ([a aa ə i ii u] / [æ ɔ ə e i u])

lamaq
  -> lamaʔ  (-x q / ʔ)
  -> lama   (Obstr / / _ [# C])
  -> læmæ   ([a aa ə i ii u] / [æ ɔ ə e i u])

qulu
  -> ʔulu  (-x q / ʔ)
  -> ulu   (ʔ / / # _)


SCA Output: ŋay
  -> ŋæy  ([a aa ə i ii u] / [æ ɔ ə e i u])

nii
  -> ni  ([a aa ə i ii u] / [æ ɔ ə e i u])

khayiq
  -> khayiʔ  (-x q / ʔ)
  -> xayiʔ   (Astp / Xfrc)
  -> xayi    (Obstr / / _ [# C])
  -> xæye    ([a aa ə i ii u] / [æ ɔ ə e i u])


SCA Output: sasat
  -> sasa  (Obstr / / _ [# C])
  -> sæsæ  ([a aa ə i ii u] / [æ ɔ ə e i u])

thaŋ
  -> saŋ  (Astp / Xfrc)
  -> sæŋ  ([a aa ə i ii u] / [æ ɔ ə e i u])

yusaa
  -> yusɔ  ([a aa ə i ii u] / [æ ɔ ə e i u])

waq
  -> waʔ  (-x q / ʔ)
  -> wa   (Obstr / / _ [# C])
  -> wæ   ([a aa ə i ii u] / [æ ɔ ə e i u])

haŋuhaŋu
  -> hæŋuhæŋu  ([a aa ə i ii u] / [æ ɔ ə e i u])
  -> hæŋuhæŋu  (-? h / / V _)

haŋuhaŋu
  -> hæŋuhæŋu  ([a aa ə i ii u] / [æ ɔ ə e i u])
  -> hæŋuæŋu   (-? h / / V _)

qaŋeth
  -> qaŋəth  (-x e / ə)
  -> ʔaŋəth  (-x q / ʔ)
  -> ʔaŋəs   (Astp / Xfrc)
  -> aŋəs    (ʔ / / # _)
  -> aŋə     (Obstr / / _ [# C])
  -> æŋə     ([a aa ə i ii u] / [æ ɔ ə e i u])

thaŋ,
  -> thaŋ�  (categories … end)
  -> saŋ�   (Astp / Xfrc)
  -> sæŋ�   ([a aa ə i ii u] / [æ ɔ ə e i u])

kaday
  -> kædæy  ([a aa ə i ii u] / [æ ɔ ə e i u])

mahŋu
  -> maŋu  (Obstr / / _ [# C])
  -> mæŋu  ([a aa ə i ii u] / [æ ɔ ə e i u])

ŋay
  -> ŋæy  ([a aa ə i ii u] / [æ ɔ ə e i u])


SCA Output: tsan
  -> san  (Xafr / Xfrc / _)
  -> sæn  ([a aa ə i ii u] / [æ ɔ ə e i u])

naa
  -> nɔ  ([a aa ə i ii u] / [æ ɔ ə e i u])

qaŋeth
  -> qaŋəth  (-x e / ə)
  -> ʔaŋəth  (-x q / ʔ)
  -> ʔaŋəs   (Astp / Xfrc)
  -> aŋəs    (ʔ / / # _)
  -> aŋə     (Obstr / / _ [# C])
  -> æŋə     ([a aa ə i ii u] / [æ ɔ ə e i u])

thaŋ
  -> saŋ  (Astp / Xfrc)
  -> sæŋ  ([a aa ə i ii u] / [æ ɔ ə e i u])

siwe
  -> siwə  (-x e / ə)
  -> sewə  ([a aa ə i ii u] / [æ ɔ ə e i u])

lamaq
  -> lamaʔ  (-x q / ʔ)
  -> lama   (Obstr / / _ [# C])
  -> læmæ   ([a aa ə i ii u] / [æ ɔ ə e i u])

thaŋ
  -> saŋ  (Astp / Xfrc)
  -> sæŋ  ([a aa ə i ii u] / [æ ɔ ə e i u])

ŋandi
  -> ŋani  (Nstp / Nasl)
  -> ŋæne  ([a aa ə i ii u] / [æ ɔ ə e i u])

mandaŋ
  -> manaŋ  (Nstp / Nasl)
  -> mænæŋ  ([a aa ə i ii u] / [æ ɔ ə e i u])

phuum
  -> fuum  (Astp / Xfrc)


SCA Output: qalit
  -> ʔalit  (-x q / ʔ)
  -> alit   (ʔ / / # _)
  -> ali    (Obstr / / _ [# C])
  -> æle    ([a aa ə i ii u] / [æ ɔ ə e i u])

thaŋ
  -> saŋ  (Astp / Xfrc)
  -> sæŋ  ([a aa ə i ii u] / [æ ɔ ə e i u])

yusayetsi
  -> yusayətsi  (-x e / ə)
  -> yusayəsi   (Xafr / Xfrc / _)
  -> yusæyəse   ([a aa ə i ii u] / [æ ɔ ə e i u])

siifitsi
  -> siifisi  (Xafr / Xfrc / _)
  -> sifese   ([a aa ə i ii u] / [æ ɔ ə e i u])

qaathanitsi
  -> ʔaathanitsi  (-x q / ʔ)
  -> ʔaathanisi   (Xafr / Xfrc / _)
  -> ʔaasanisi    (Astp / Xfrc)
  -> aasanisi     (ʔ / / # _)
  -> ɔsænese      ([a aa ə i ii u] / [æ ɔ ə e i u])

waalhitsi
  -> waalhisi  (Xafr / Xfrc / _)
  -> wɔlhese   ([a aa ə i ii u] / [æ ɔ ə e i u])
  -> wɔšese    (lh / š)

qaŋeth
  -> qaŋəth  (-x e / ə)
  -> ʔaŋəth  (-x q / ʔ)
  -> ʔaŋəs   (Astp / Xfrc)
  -> aŋəs    (ʔ / / # _)
  -> aŋə     (Obstr / / _ [# C])
  -> æŋə     ([a aa ə i ii u] / [æ ɔ ə e i u])

thaŋ
  -> saŋ  (Astp / Xfrc)
  -> sæŋ  ([a aa ə i ii u] / [æ ɔ ə e i u])


SCA Output: qiyan
  -> ʔiyan  (-x q / ʔ)
  -> iyan   (ʔ / / # _)
  -> eyæn   ([a aa ə i ii u] / [æ ɔ ə e i u])

paatliŋu
  -> paalhiŋu  (Xafr / Xfrc / _)
  -> pɔlheŋu   ([a aa ə i ii u] / [æ ɔ ə e i u])
  -> pɔšeŋu    (lh / š)

qaŋeth
  -> qaŋəth  (-x e / ə)
  -> ʔaŋəth  (-x q / ʔ)
  -> ʔaŋəs   (Astp / Xfrc)
  -> aŋəs    (ʔ / / # _)
  -> aŋə     (Obstr / / _ [# C])
  -> æŋə     ([a aa ə i ii u] / [æ ɔ ə e i u])

thaŋ
  -> saŋ  (Astp / Xfrc)
  -> sæŋ  ([a aa ə i ii u] / [æ ɔ ə e i u])

siifiŋu
  -> sifeŋu  ([a aa ə i ii u] / [æ ɔ ə e i u])

lamaq
  -> lamaʔ  (-x q / ʔ)
  -> lama   (Obstr / / _ [# C])
  -> læmæ   ([a aa ə i ii u] / [æ ɔ ə e i u])

thaŋ
  -> saŋ  (Astp / Xfrc)
  -> sæŋ  ([a aa ə i ii u] / [æ ɔ ə e i u])

qefayeŋu
  -> qəfayəŋu  (-x e / ə)
  -> ʔəfayəŋu  (-x q / ʔ)
  -> əfayəŋu   (ʔ / / # _)
  -> əfæyəŋu   ([a aa ə i ii u] / [æ ɔ ə e i u])


SCA Output: sasat
  -> sasa  (Obstr / / _ [# C])
  -> sæsæ  ([a aa ə i ii u] / [æ ɔ ə e i u])

thaŋmu
  -> saŋmu  (Astp / Xfrc)
  -> sæŋmu  ([a aa ə i ii u] / [æ ɔ ə e i u])
  -> sæwmu  ([m n ŋ l] / w / V _ [Nasl Aprx])
  -> sæwmu  (-? [w y] / / V _ C)

thaŋmu
  -> saŋmu  (Astp / Xfrc)
  -> sæŋmu  ([a aa ə i ii u] / [æ ɔ ə e i u])
  -> sæwmu  ([m n ŋ l] / w / V _ [Nasl Aprx])
  -> sæmu   (-? [w y] / / V _ C)

yusayeŋu
  -> yusayəŋu  (-x e / ə)
  -> yusæyəŋu  ([a aa ə i ii u] / [æ ɔ ə e i u])

wiiletsiŋu
  -> wiilətsiŋu  (-x e / ə)
  -> wiiləsiŋu   (Xafr / Xfrc / _)
  -> wiləseŋu    ([a aa ə i ii u] / [æ ɔ ə e i u])

fawetliŋu
  -> fawətliŋu  (-x e / ə)
  -> fawəlhiŋu  (Xafr / Xfrc / _)
  -> fæwəlheŋu  ([a aa ə i ii u] / [æ ɔ ə e i u])
  -> fæwəšeŋu   (lh / š)


SCA Output: nikhayiqenedaa
  -> nikhayiqənədaa  (-x e / ə)
  -> nikhayiʔənədaa  (-x q / ʔ)
  -> nixayiʔənədaa   (Astp / Xfrc)
  -> nexæyeʔənədɔ    ([a aa ə i ii u] / [æ ɔ ə e i u])

thaŋ
  -> saŋ  (Astp / Xfrc)
  -> sæŋ  ([a aa ə i ii u] / [æ ɔ ə e i u])

tshaal
  -> saal  (Aafr / Xfrc)
  -> sɔl   ([a aa ə i ii u] / [æ ɔ ə e i u])

bal
  -> bæl  ([a aa ə i ii u] / [æ ɔ ə e i u])


